[1A[2K
To open last HTML report run:
[36m[39m
[36m  npx playwright show-report[39m
[36m[39m
