src/app/(customer)/page.tsx(194,30): error TS2322: Type '{ id: string; name: string; base_price: number; mrp: number; images: string[]; partner_id: string; partner_name: string | null | undefined; has_personalization: boolean | null; rating: number; ... 4 more ...; distance_km: number | ... 1 more ... | undefined; }[]' is not assignable to type 'WyshkitItem[]'.
  Type '{ id: string; name: string; base_price: number; mrp: number; images: string[]; partner_id: string; partner_name: string | null | undefined; has_personalization: boolean | null; rating: number; ... 4 more ...; distance_km: number | ... 1 more ... | undefined; }' is missing the following properties from type 'WyshkitItem': storefront_id, created_at, updated_at, is_active, and 49 more.
src/app/(customer)/partner/[id]/item/[itemId]/page.tsx(28,9): error TS2322: Type '{ id: string; name: string; display_name: string | null; description: string | null; image_url: string | null; rating: number | null; city: string | null; prep_hours: number | null; ... 5 more ...; is_online: boolean | null; }' is not assignable to type 'MappedPartner'.
  Types of property 'image_url' are incompatible.
--
src/app/(customer)/partner/[id]/page.tsx(54,7): error TS2322: Type '{ id: string; name: string; display_name: string | null; description: string | null; image_url: string | null; rating: number | null; city: string | null; prep_hours: number | null; ... 5 more ...; is_online: boolean | null; }' is not assignable to type 'MappedPartner'.
  Types of property 'image_url' are incompatible.
--
src/app/(customer)/search/page.tsx(50,7): error TS2322: Type '{ items: { image: string; base_price: number | null; category: string | null; created_at: string | null; description: string | null; fts_vector: unknown; has_personalization: boolean | null; ... 21 more ...; width_cm: number | null; }[]; partners: { ...; }[]; total: number; }' is not assignable to type '{ items: { approval_status: string | null; base_price: number | null; brand: string | null; capacity: string | null; care_instructions: string | null; category: string | null; country_of_origin: string | null; ... 61 more ...; width_cm: number | null; }[]; partners: { ...; }[]; total: number; }'.
  Types of property 'items' are incompatible.
--
src/components/customer/CartProvider.tsx(241,24): error TS2339: Property 'cart' does not exist on type '{ error: string; } | { success: boolean; cart: { items: never[]; partner_id: null; subtotal: number; total: number; item_count: number; }; }'.
  Property 'cart' does not exist on type '{ error: string; }'.
src/components/customer/CartProvider.tsx(241,51): error TS2339: Property 'cart' does not exist on type '{ error: string; } | { success: boolean; cart: { items: never[]; partner_id: null; subtotal: number; total: number; item_count: number; }; }'.
  Property 'cart' does not exist on type '{ error: string; }'.
src/components/customer/checkout/blocks/DraftSummaryBlock.tsx(12,26): error TS2305: Module '"@/lib/utils/pricing"' has no exported member 'calculateItemPrice'.
src/components/customer/checkout/CheckoutLayoutClient.tsx(270,27): error TS2322: Type 'HydratedDraftItem[]' is not assignable to type 'DraftLineItem[]'.
  Type 'HydratedDraftItem' is missing the following properties from type 'DraftLineItem': item_id, item_name, unit_price, total_price, selected_variant_id
src/components/customer/checkout/CheckoutLayoutClient.tsx(271,27): error TS2741: Property 'delivery_fee' is missing in type 'PricingBreakdown' but required in type 'PricingResult'.
src/components/customer/checkout/slots/CartSlot.tsx(32,18): error TS2551: Property 'itemName' does not exist on type 'DraftLineItem'. Did you mean 'item_name'?
src/components/customer/checkout/slots/CartSlot.tsx(33,19): error TS2551: Property 'itemImage' does not exist on type 'DraftLineItem'. Did you mean 'item_image'?
src/components/customer/checkout/slots/CartSlot.tsx(34,23): error TS2551: Property 'basePrice' does not exist on type 'DraftLineItem'. Did you mean 'base_price'?
src/components/customer/checkout/slots/CartSlot.tsx(35,26): error TS2551: Property 'variantPrice' does not exist on type 'DraftLineItem'. Did you mean 'variant_price'?
src/components/customer/checkout/slots/CartSlot.tsx(36,23): error TS2551: Property 'selectedVariantId' does not exist on type 'DraftLineItem'. Did you mean 'selected_variant_id'?
src/components/customer/checkout/slots/CartSlot.tsx(37,34): error TS2551: Property 'personalizationPrice' does not exist on type 'DraftLineItem'. Did you mean 'personalization_price'?
src/components/customer/home/ReorderWidget.tsx(109,13): error TS2561: Object literal may only specify known properties, but 'itemName' does not exist in type '{ item_name?: string | undefined; item_image?: string | undefined; unit_price?: number | undefined; partner_id?: string | undefined; partner_name?: string | undefined; update_item_id?: string | undefined; }'. Did you mean to write 'item_name'?
src/components/customer/orders/OrderList.tsx(44,13): error TS2322: Type '{ id: any; orderNumber: any; status: any; total: any; createdAt: any; partnerName: any; itemCount: any; firstItemImage: any; firstItemName: any; }[]' is not assignable to type 'OrderListItem[]'.
  Type '{ id: any; orderNumber: any; status: any; total: any; createdAt: any; partnerName: any; itemCount: any; firstItemImage: any; firstItemName: any; }' is missing the following properties from type 'OrderListItem': created_at, delivery_address, has_personalization, items, and 8 more.
src/components/customer/orders/OrderTracker.tsx(245,17): error TS2740: Type 'OrderUpdate' is missing the following properties from type 'OrderDetail': hasPersonalization, placed_at, paid_at, partner_id, and 3 more.
src/components/customer/search/SearchPageClient.tsx(130,13): error TS2322: Type '{ image: string; base_price: number | null; category: string | null; created_at: string | null; description: string | null; fts_vector: unknown; has_personalization: boolean | null; height_cm: number | null; ... 20 more ...; width_cm: number | null; }[]' is not assignable to type '{ approval_status: string | null; base_price: number | null; brand: string | null; capacity: string | null; care_instructions: string | null; category: string | null; country_of_origin: string | null; ... 61 more ...; width_cm: number | null; }[]'.
  Type '{ image: string; base_price: number | null; category: string | null; created_at: string | null; description: string | null; fts_vector: unknown; has_personalization: boolean | null; height_cm: number | null; ... 20 more ...; width_cm: number | null; }' is missing the following properties from type '{ approval_status: string | null; base_price: number | null; brand: string | null; capacity: string | null; care_instructions: string | null; category: string | null; country_of_origin: string | null; ... 61 more ...; width_cm: number | null; }': approval_status, brand, capacity, care_instructions, and 38 more.
src/components/customer/search/SearchPageClient.tsx(131,13): error TS2322: Type '{ image: string; city: string | null; delivery_fee: number | null; id: string | null; image_url: string | null; is_online: boolean | null; name: string | null; prep_hours: number | null; rating: number | null; slug: string | null; status: string | null; total_ratings: number | null; }[]' is not assignable to type '{ business_type: string | null; city: string | null; created_at: string | null; description: string | null; gstin: string | null; id: string | null; image_url: string | null; is_online: boolean | null; ... 9 more ...; total_ratings: number | null; }[]'.
  Type '{ image: string; city: string | null; delivery_fee: number | null; id: string | null; image_url: string | null; is_online: boolean | null; name: string | null; prep_hours: number | null; rating: number | null; slug: string | null; status: string | null; total_ratings: number | null; }' is missing the following properties from type '{ business_type: string | null; city: string | null; created_at: string | null; description: string | null; gstin: string | null; id: string | null; image_url: string | null; is_online: boolean | null; ... 9 more ...; total_ratings: number | null; }': business_type, created_at, description, gstin, and 5 more.
src/components/customer/search/SearchPageClient.tsx(256,27): error TS2322: Type '{ key: any; id: any; name: any; city: any; imageUrl: string; rating: any; variant: "row"; className: string; }' is not assignable to type 'IntrinsicAttributes & PartnerCardProps'.
  Property 'imageUrl' does not exist on type 'IntrinsicAttributes & PartnerCardProps'. Did you mean 'image_url'?
src/components/layout/GlobalSearch.tsx(106,25): error TS2322: Type '{ id: any; name: any; city: any; imageUrl: string; rating: any; variant: "row"; }' is not assignable to type 'IntrinsicAttributes & PartnerCardProps'.
  Property 'imageUrl' does not exist on type 'IntrinsicAttributes & PartnerCardProps'. Did you mean 'image_url'?
src/hooks/useCartValidation.ts(14,25): error TS2551: Property 'partnerId' does not exist on type 'DraftTransaction'. Did you mean 'partner_id'?
src/hooks/useCartValidation.ts(15,27): error TS2551: Property 'partnerId' does not exist on type 'DraftTransaction'. Did you mean 'partner_id'?
src/hooks/useCartValidation.ts(16,20): error TS2551: Property 'partnerId' does not exist on type 'DraftTransaction'. Did you mean 'partner_id'?
src/hooks/useCartValidation.ts(22,42): error TS2551: Property 'partnerId' does not exist on type 'DraftTransaction'. Did you mean 'partner_id'?
src/hooks/usePaymentFlow.ts(88,21): error TS2322: Type 'HydratedDraftItem[]' is not assignable to type 'DraftLineItem[]'.
  Type 'HydratedDraftItem' is missing the following properties from type 'DraftLineItem': item_id, item_name, unit_price, total_price, selected_variant_id
src/hooks/usePaymentFlow.ts(89,21): error TS2741: Property 'delivery_fee' is missing in type 'PricingBreakdown' but required in type 'PricingResult'.
src/hooks/useSearch.ts(59,20): error TS2352: Conversion of type '{ image: string; base_price: number | null; category: string | null; created_at: string | null; description: string | null; fts_vector: unknown; has_personalization: boolean | null; height_cm: number | null; ... 20 more ...; width_cm: number | null; }[]' to type '{ approval_status: string | null; base_price: number | null; brand: string | null; capacity: string | null; care_instructions: string | null; category: string | null; country_of_origin: string | null; ... 61 more ...; width_cm: number | null; }[]' may be a mistake because neither type sufficiently overlaps with the other. If this was intentional, convert the expression to 'unknown' first.
  Type '{ image: string; base_price: number | null; category: string | null; created_at: string | null; description: string | null; fts_vector: unknown; has_personalization: boolean | null; height_cm: number | null; ... 20 more ...; width_cm: number | null; }' is missing the following properties from type '{ approval_status: string | null; base_price: number | null; brand: string | null; capacity: string | null; care_instructions: string | null; category: string | null; country_of_origin: string | null; ... 61 more ...; width_cm: number | null; }': approval_status, brand, capacity, care_instructions, and 38 more.
src/hooks/useSearch.ts(60,23): error TS2352: Conversion of type '{ image: string; city: string | null; delivery_fee: number | null; id: string | null; image_url: string | null; is_online: boolean | null; name: string | null; prep_hours: number | null; rating: number | null; slug: string | null; status: string | null; total_ratings: number | null; }[]' to type '{ business_type: string | null; city: string | null; created_at: string | null; description: string | null; gstin: string | null; id: string | null; image_url: string | null; is_online: boolean | null; ... 9 more ...; total_ratings: number | null; }[]' may be a mistake because neither type sufficiently overlaps with the other. If this was intentional, convert the expression to 'unknown' first.
  Type '{ image: string; city: string | null; delivery_fee: number | null; id: string | null; image_url: string | null; is_online: boolean | null; name: string | null; prep_hours: number | null; rating: number | null; slug: string | null; status: string | null; total_ratings: number | null; }' is missing the following properties from type '{ business_type: string | null; city: string | null; created_at: string | null; description: string | null; gstin: string | null; id: string | null; image_url: string | null; is_online: boolean | null; ... 9 more ...; total_ratings: number | null; }': business_type, created_at, description, gstin, and 5 more.
src/lib/actions/draft-order.ts(12,10): error TS2305: Module '"@/lib/utils/pricing"' has no exported member 'calculateItemPrice'.
src/lib/actions/draft-order.ts(12,30): error TS2305: Module '"@/lib/utils/pricing"' has no exported member 'calculateCartSubtotal'.
src/lib/actions/orders.ts(371,7): error TS2561: Object literal may only specify known properties, but 'orderNumber' does not exist in type 'OrderDetails'. Did you mean to write 'order_number'?
